00:00 +0: loading C:/Users/jeaqh/Desktop/Proyectos/WealthScope/frontend/test/asset_dto_robustness_test.dart
00:00 +0: AssetDto Robustness should handle null core_data and extended_data without crashing
00:00 +1: AssetDto Robustness should find symbol in fallback fields
00:00 +2: AssetDto Robustness should handle completely empty core_data
00:00 +2 -1: AssetDto Robustness should handle completely empty core_data [E]
  type '_Map<dynamic, dynamic>' is not a subtype of type 'Map<String, dynamic>?' in type cast
  package:wealthscope_app/features/assets/data/models/asset_dto.g.dart 14:35  _$AssetDtoFromJson
  package:wealthscope_app/features/assets/data/models/asset_dto.dart 59:59    new AssetDto.fromJson
  test\asset_dto_robustness_test.dart 59:28                                   main.<fn>.<fn>
  
00:00 +2 -1: CreateAssetRequest should include quantity: 1.0 for Real Estate
00:00 +3 -1: Some tests failed.
